

<header>
            <div id="8effee409c625e1a2d8f5033631840e6ce1dcb64-99" data-tx-ajax-api-id="99" data-tx-ajax-api-action="replace">

                Roadshow Tournee.Digital in Baden-Württemberg an der österreichischen Weinstraße
            </div>
        </header>